---
source: crates/cli/tests/health_tests.rs
expression: redacted
---
■ Metrics: avg cyclomatic 7.0 · p90 cyclomatic 13

● High complexity functions (1)
  src/complex.ts
    :1 classify
          13 cyclomatic   13 cognitive   15 lines
  Functions exceeding cyclomatic or cognitive complexity thresholds — https://docs.fallow.tools/explanations/health#complexity-metrics
