---
source: crates/cli/tests/snapshot_tests.rs
expression: "json_str.replace(&format!(\"\\\"version\\\": \\\"{}\\\"\", env!(\"CARGO_PKG_VERSION\")),\n\"\\\"version\\\": \\\"[VERSION]\\\"\",)"
---
{
  "schema_version": 3,
  "version": "[VERSION]",
  "elapsed_ms": 42,
  "total_issues": 13,
  "unused_files": [
    {
      "path": "src/dead.ts"
    }
  ],
  "unused_exports": [
    {
      "path": "src/utils.ts",
      "export_name": "helperFn",
      "is_type_only": false,
      "line": 10,
      "col": 4,
      "span_start": 120,
      "is_re_export": false
    }
  ],
  "unused_types": [
    {
      "path": "src/types.ts",
      "export_name": "OldType",
      "is_type_only": true,
      "line": 5,
      "col": 0,
      "span_start": 60,
      "is_re_export": false
    }
  ],
  "unused_dependencies": [
    {
      "package_name": "lodash",
      "location": "dependencies",
      "path": "package.json",
      "line": 5
    }
  ],
  "unused_dev_dependencies": [
    {
      "package_name": "jest",
      "location": "devDependencies",
      "path": "package.json",
      "line": 5
    }
  ],
  "unused_optional_dependencies": [
    {
      "package_name": "fsevents",
      "location": "optionalDependencies",
      "path": "package.json",
      "line": 5
    }
  ],
  "unused_enum_members": [
    {
      "path": "src/enums.ts",
      "parent_name": "Status",
      "member_name": "Deprecated",
      "kind": "enum_member",
      "line": 8,
      "col": 2
    }
  ],
  "unused_class_members": [
    {
      "path": "src/service.ts",
      "parent_name": "UserService",
      "member_name": "legacyMethod",
      "kind": "class_method",
      "line": 42,
      "col": 4
    }
  ],
  "unresolved_imports": [
    {
      "path": "src/app.ts",
      "specifier": "./missing-module",
      "line": 3,
      "col": 0
    }
  ],
  "unlisted_dependencies": [
    {
      "package_name": "chalk",
      "imported_from": [
        {
          "path": "src/cli.ts",
          "line": 2,
          "col": 0
        }
      ]
    }
  ],
  "duplicate_exports": [
    {
      "export_name": "Config",
      "locations": [
        {
          "path": "src/config.ts",
          "line": 15,
          "col": 0
        },
        {
          "path": "src/types.ts",
          "line": 30,
          "col": 0
        }
      ]
    }
  ],
  "type_only_dependencies": [
    {
      "package_name": "zod",
      "path": "package.json",
      "line": 8
    }
  ],
  "circular_dependencies": [
    {
      "files": [
        "src/a.ts",
        "src/b.ts"
      ],
      "length": 2,
      "line": 3,
      "col": 0
    }
  ]
}
